\BOOKMARK [0][-]{chapter*.1}{\376\377\000D\000e\000d\000i\000c\000a\000t\000o\000r\000i\000a}{}% 1
\BOOKMARK [0][-]{chapter*.2}{\376\377\000A\000g\000r\000a\000d\000e\000c\000i\000m\000i\000e\000n\000t\000o\000s}{}% 2
\BOOKMARK [0][-]{chapter*.3}{\376\377\000R\000e\000s\000u\000m\000e\000n}{}% 3
\BOOKMARK [0][-]{chapter*.4}{\376\377\000A\000b\000s\000t\000r\000a\000c\000t}{}% 4
\BOOKMARK [0][-]{chapter*.5}{\376\377\000R\000e\000s\000u\000m\000o}{}% 5
\BOOKMARK [0][-]{chapter*.7}{\376\377\000L\000i\000s\000t\000a\000\040\000d\000e\000\040\000t\000a\000b\000l\000a\000s}{}% 6
\BOOKMARK [0][-]{chapter*.8}{\376\377\000L\000i\000s\000t\000a\000\040\000d\000e\000\040\000f\000i\000g\000u\000r\000a\000s}{}% 7
\BOOKMARK [0][-]{chapter*.9}{\376\377\000L\000i\000s\000t\000a\000\040\000d\000e\000\040\000s\000\355\000m\000b\000o\000l\000o\000s\000\040\000y\000\040\000c\000o\000n\000v\000e\000n\000c\000i\000o\000n\000e\000s}{}% 8
\BOOKMARK [0][-]{chapter.1}{\376\377\000I\000n\000t\000r\000o\000d\000u\000c\000c\000i\000\363\000n}{}% 9
\BOOKMARK [1][-]{section.1.1}{\376\377\000A\000n\000t\000e\000c\000e\000d\000e\000n\000t\000e\000s}{chapter.1}% 10
\BOOKMARK [1][-]{section.1.2}{\376\377\000R\000e\000l\000e\000v\000a\000n\000c\000i\000a\000\040\000d\000e\000l\000\040\000t\000r\000a\000b\000a\000j\000o}{chapter.1}% 11
\BOOKMARK [1][-]{section.1.3}{\376\377\000A\000l\000i\000n\000e\000a\000c\000i\000\363\000n\000\040\000c\000o\000n\000\040\000l\000a\000\040\000a\000g\000e\000n\000d\000a\000\040\0002\0000\0003\0000\000\040\000y\000\040\000o\000b\000j\000e\000t\000i\000v\000o\000s\000\040\000d\000e\000\040\000d\000e\000s\000a\000r\000r\000o\000l\000l\000o\000\040\000s\000o\000s\000t\000e\000n\000i\000b\000l\000e\000\040\000\050\000O\000D\000S\000\051}{chapter.1}% 12
\BOOKMARK [1][-]{section.1.4}{\376\377\000M\000o\000t\000i\000v\000a\000c\000i\000o\000n\000e\000s}{chapter.1}% 13
\BOOKMARK [1][-]{section.1.5}{\376\377\000F\000o\000r\000m\000u\000l\000a\000c\000i\000\363\000n\000\040\000d\000e\000l\000\040\000p\000r\000o\000b\000l\000e\000m\000a}{chapter.1}% 14
\BOOKMARK [1][-]{section.1.6}{\376\377\000O\000b\000j\000e\000t\000i\000v\000o\000s}{chapter.1}% 15
\BOOKMARK [2][-]{subsection.1.6.1}{\376\377\000O\000b\000j\000e\000t\000i\000v\000o\000\040\000g\000e\000n\000e\000r\000a\000l}{section.1.6}% 16
\BOOKMARK [2][-]{subsection.1.6.2}{\376\377\000O\000b\000j\000e\000t\000i\000v\000o\000s\000\040\000e\000s\000p\000e\000c\000\355\000f\000i\000c\000o\000s}{section.1.6}% 17
\BOOKMARK [1][-]{section.1.7}{\376\377\000M\000e\000t\000o\000d\000o\000l\000o\000g\000\355\000a\000\040\000u\000t\000i\000l\000i\000z\000a\000d\000a}{chapter.1}% 18
\BOOKMARK [1][-]{section.1.8}{\376\377\000O\000r\000g\000a\000n\000i\000z\000a\000c\000i\000\363\000n\000\040\000d\000e\000l\000\040\000i\000n\000f\000o\000r\000m\000e}{chapter.1}% 19
\BOOKMARK [-1][-]{part*.10}{\376\377\000P\000A\000R\000T\000E\000\040\000I\000\040\000-\000\040\000M\000A\000R\000C\000O\000\040\000T\000E\000\323\000R\000I\000C\000O}{}% 20
\BOOKMARK [0][-]{chapter.2}{\376\377\000F\000u\000n\000d\000a\000m\000e\000n\000t\000o\000s\000\040\000f\000i\000s\000i\000o\000l\000\363\000g\000i\000c\000o\000s\000\040\000y\000\040\000a\000m\000b\000i\000e\000n\000t\000a\000l\000e\000s\000\040\000d\000e\000l\000\040\000c\000u\000l\000t\000i\000v\000o\000\040\000e\000n\000\040\000s\000u\000s\000t\000r\000a\000t\000o}{part*.10}% 21
\BOOKMARK [1][-]{section.2.1}{\376\377\000F\000o\000t\000o\000s\000\355\000n\000t\000e\000s\000i\000s\000:\000\040\000t\000r\000a\000n\000s\000f\000o\000r\000m\000a\000c\000i\000\363\000n\000\040\000d\000e\000\040\000e\000n\000e\000r\000g\000\355\000a\000\040\000l\000u\000m\000\355\000n\000i\000c\000a\000\040\000e\000n\000\040\000e\000n\000e\000r\000g\000\355\000a\000\040\000q\000u\000\355\000m\000i\000c\000a}{chapter.2}% 22
\BOOKMARK [1][-]{section.2.2}{\376\377\000V\000\355\000a\000s\000\040\000m\000e\000t\000a\000b\000\363\000l\000i\000c\000a\000s\000\040\000d\000e\000\040\000f\000i\000j\000a\000c\000i\000\363\000n\000\040\000d\000e\000l\000\040\000c\000a\000r\000b\000o\000n\000o\000:\000\040\000C\0003\000,\000\040\000C\0004\000\040\000y\000\040\000C\000A\000M}{chapter.2}% 23
\BOOKMARK [1][-]{section.2.3}{\376\377\000V\000a\000r\000i\000a\000b\000l\000e\000s\000\040\000m\000i\000c\000r\000o\000c\000l\000i\000m\000\341\000t\000i\000c\000a\000s\000\040\000y\000\040\000d\000e\000l\000\040\000m\000e\000d\000i\000o\000\040\000d\000e\000\040\000c\000u\000l\000t\000i\000v\000o}{chapter.2}% 24
\BOOKMARK [1][-]{section.2.4}{\376\377\000R\000a\000d\000i\000a\000c\000i\000\363\000n\000\040\000f\000o\000t\000o\000s\000i\000n\000t\000\351\000t\000i\000c\000a\000m\000e\000n\000t\000e\000\040\000a\000c\000t\000i\000v\000a\000\040\000\050\000P\000A\000R\000\051}{chapter.2}% 25
\BOOKMARK [1][-]{section.2.5}{\376\377\000P\000P\000F\000D\000\040\000y\000\040\000D\000L\000I}{chapter.2}% 26
\BOOKMARK [1][-]{section.2.6}{\376\377\000J\000u\000s\000t\000i\000f\000i\000c\000a\000c\000i\000\363\000n\000\040\000d\000e\000l\000\040\000c\000u\000l\000t\000i\000v\000o\000\040\000e\000n\000\040\000s\000u\000s\000t\000r\000a\000t\000o\000\040\000f\000r\000e\000n\000t\000e\000\040\000a\000\040\000h\000i\000d\000r\000o\000p\000o\000n\000\355\000a}{chapter.2}% 27
\BOOKMARK [1][-]{section.2.7}{\376\377\000R\000e\000q\000u\000e\000r\000i\000m\000i\000e\000n\000t\000o\000s\000\040\000a\000m\000b\000i\000e\000n\000t\000a\000l\000e\000s\000\040\000d\000e\000\040\000l\000o\000s\000\040\000c\000u\000l\000t\000i\000v\000o\000s\000\040\000s\000e\000l\000e\000c\000c\000i\000o\000n\000a\000d\000o\000s}{chapter.2}% 28
\BOOKMARK [1][-]{section.2.8}{\376\377\000C\000o\000n\000t\000e\000x\000t\000o\000\040\000c\000l\000i\000m\000\341\000t\000i\000c\000o\000\040\000d\000e\000\040\000C\000\363\000r\000d\000o\000b\000a}{chapter.2}% 29
\BOOKMARK [0][-]{chapter.3}{\376\377\000C\000o\000n\000t\000r\000o\000l\000\040\000o\000n\000/\000o\000f\000f\000:\000\040\000i\000n\000s\000t\000r\000u\000m\000e\000n\000t\000a\000c\000i\000\363\000n\000,\000\040\000a\000c\000t\000u\000a\000c\000i\000\363\000n\000\040\000y\000\040\000l\000\363\000g\000i\000c\000a\000\040\000d\000e\000\040\000d\000e\000c\000i\000s\000i\000\363\000n}{part*.10}% 30
\BOOKMARK [1][-]{section.3.1}{\376\377\000I\000n\000s\000t\000r\000u\000m\000e\000n\000t\000a\000c\000i\000\363\000n}{chapter.3}% 31
\BOOKMARK [2][-]{subsection.3.1.1}{\376\377\000B\000u\000s\000\040\000d\000e\000\040\000c\000o\000m\000u\000n\000i\000c\000a\000c\000i\000\363\000n\000\040\000I\0002\000C}{section.3.1}% 32
\BOOKMARK [2][-]{subsection.3.1.2}{\376\377\000S\000e\000n\000s\000o\000r\000\040\000d\000e\000\040\000h\000u\000m\000e\000d\000a\000d\000\040\000d\000e\000\040\000s\000u\000s\000t\000r\000a\000t\000o\000:\000\040\000p\000r\000i\000n\000c\000i\000p\000i\000o\000s\000\040\000r\000e\000s\000i\000s\000t\000i\000v\000o\000\040\000y\000\040\000c\000a\000p\000a\000c\000i\000t\000i\000v\000o}{section.3.1}% 33
\BOOKMARK [2][-]{subsection.3.1.3}{\376\377\000C\000o\000n\000v\000e\000r\000s\000i\000\363\000n\000\040\000a\000n\000a\000l\000\363\000g\000i\000c\000a\000-\000d\000i\000g\000i\000t\000a\000l}{section.3.1}% 34
\BOOKMARK [2][-]{subsection.3.1.4}{\376\377\000S\000e\000n\000s\000o\000r\000e\000s\000\040\000d\000i\000g\000i\000t\000a\000l\000e\000s\000\040\000d\000e\000\040\000i\000l\000u\000m\000i\000n\000a\000n\000c\000i\000a}{section.3.1}% 35
\BOOKMARK [2][-]{subsection.3.1.5}{\376\377\000S\000e\000n\000s\000o\000r\000e\000s\000\040\000d\000i\000g\000i\000t\000a\000l\000e\000s\000\040\000d\000e\000\040\000t\000e\000m\000p\000e\000r\000a\000t\000u\000r\000a\000\040\000y\000\040\000h\000u\000m\000e\000d\000a\000d\000\040\000a\000m\000b\000i\000e\000n\000t\000e}{section.3.1}% 36
\BOOKMARK [1][-]{section.3.2}{\376\377\000S\000i\000s\000t\000e\000m\000a\000s\000\040\000d\000e\000\040\000a\000c\000t\000u\000a\000c\000i\000\363\000n\000\040\000o\000n\000/\000o\000f\000f}{chapter.3}% 37
\BOOKMARK [2][-]{subsection.3.2.1}{\376\377\000E\000l\000\040\000r\000e\000l\000\351\000\040\000c\000o\000m\000o\000\040\000i\000n\000t\000e\000r\000f\000a\000z\000\040\000d\000e\000\040\000p\000o\000t\000e\000n\000c\000i\000a}{section.3.2}% 38
\BOOKMARK [2][-]{subsection.3.2.2}{\376\377\000L\000\363\000g\000i\000c\000a\000\040\000d\000e\000\040\000a\000c\000t\000i\000v\000a\000c\000i\000\363\000n\000\040\000p\000o\000r\000\040\000n\000i\000v\000e\000l\000\040\000b\000a\000j\000o}{section.3.2}% 39
\BOOKMARK [2][-]{subsection.3.2.3}{\376\377\000J\000u\000s\000t\000i\000f\000i\000c\000a\000c\000i\000\363\000n\000\040\000d\000e\000l\000\040\000c\000o\000n\000t\000r\000o\000l\000\040\000o\000n\000/\000o\000f\000f\000\040\000f\000r\000e\000n\000t\000e\000\040\000a\000\040\000m\000o\000d\000u\000l\000a\000c\000i\000\363\000n\000\040\000d\000e\000\040\000p\000o\000t\000e\000n\000c\000i\000a}{section.3.2}% 40
\BOOKMARK [1][-]{section.3.3}{\376\377\000L\000\363\000g\000i\000c\000a\000\040\000d\000e\000\040\000c\000o\000n\000t\000r\000o\000l\000\040\000p\000o\000r\000\040\000u\000m\000b\000r\000a\000l\000\040\000e\000\040\000h\000i\000s\000t\000\351\000r\000e\000s\000i\000s}{chapter.3}% 41
\BOOKMARK [2][-]{subsection.3.3.1}{\376\377\000C\000o\000n\000t\000r\000o\000l\000\040\000d\000e\000\040\000d\000o\000s\000\040\000p\000o\000s\000i\000c\000i\000o\000n\000e\000s\000\040\000\050\000o\000n\000-\000o\000f\000f\000\051\000\040\000y\000\040\000e\000l\000\040\000p\000r\000o\000b\000l\000e\000m\000a\000\040\000d\000e\000\040\000l\000a\000\040\000o\000s\000c\000i\000l\000a\000c\000i\000\363\000n}{section.3.3}% 42
\BOOKMARK [2][-]{subsection.3.3.2}{\376\377\000C\000o\000n\000t\000r\000o\000l\000\040\000o\000n\000-\000o\000f\000f\000\040\000c\000o\000n\000\040\000b\000a\000n\000d\000a\000\040\000d\000e\000\040\000h\000i\000s\000t\000\351\000r\000e\000s\000i\000s}{section.3.3}% 43
\BOOKMARK [2][-]{subsection.3.3.3}{\376\377\000F\000i\000l\000t\000r\000a\000d\000o\000\040\000d\000e\000\040\000s\000e\000\361\000a\000l\000:\000\040\000p\000r\000o\000m\000e\000d\000i\000a\000d\000o\000\040\000p\000o\000r\000\040\000v\000e\000n\000t\000a\000n\000a\000\040\000m\000\363\000v\000i\000l}{section.3.3}% 44
\BOOKMARK [2][-]{subsection.3.3.4}{\376\377\000R\000e\000d\000u\000n\000d\000a\000n\000c\000i\000a\000\040\000y\000\040\000t\000o\000l\000e\000r\000a\000n\000c\000i\000a\000\040\000a\000\040\000f\000a\000l\000l\000o\000s\000\040\000e\000n\000\040\000i\000n\000s\000t\000r\000u\000m\000e\000n\000t\000a\000c\000i\000\363\000n}{section.3.3}% 45
\BOOKMARK [2][-]{subsection.3.3.5}{\376\377\000C\000o\000n\000t\000r\000o\000l\000\040\000p\000o\000r\000\040\000p\000r\000e\000s\000u\000p\000u\000e\000s\000t\000o\000\040\000a\000c\000u\000m\000u\000l\000a\000d\000o\000\040\000d\000e\000\040\000u\000n\000\040\000r\000e\000c\000u\000r\000s\000o}{section.3.3}% 46
\BOOKMARK [0][-]{chapter.4}{\376\377\000A\000r\000q\000u\000i\000t\000e\000c\000t\000u\000r\000a\000\040\000d\000e\000\040\000s\000o\000f\000t\000w\000a\000r\000e\000\040\000p\000a\000r\000a\000\040\000s\000i\000s\000t\000e\000m\000a\000s\000\040\000I\000o\000T\000\040\000e\000n\000\040\000c\000a\000p\000a\000s}{part*.10}% 47
\BOOKMARK [1][-]{section.4.1}{\376\377\000A\000g\000r\000i\000c\000u\000l\000t\000u\000r\000a\000\040\000d\000e\000\040\000p\000r\000e\000c\000i\000s\000i\000\363\000n\000\040\000e\000\040\000I\000n\000t\000e\000r\000n\000e\000t\000\040\000d\000e\000\040\000l\000a\000s\000\040\000C\000o\000s\000a\000s}{chapter.4}% 48
\BOOKMARK [1][-]{section.4.2}{\376\377\000A\000r\000q\000u\000i\000t\000e\000c\000t\000u\000r\000a\000\040\000e\000n\000\040\000c\000a\000p\000a\000s\000:\000\040\000a\000d\000q\000u\000i\000s\000i\000c\000i\000\363\000n\000,\000\040\000p\000r\000o\000c\000e\000s\000a\000m\000i\000e\000n\000t\000o\000\040\000y\000\040\000c\000o\000m\000u\000n\000i\000c\000a\000c\000i\000\363\000n}{chapter.4}% 49
\BOOKMARK [1][-]{section.4.3}{\376\377\000O\000r\000g\000a\000n\000i\000z\000a\000c\000i\000\363\000n\000\040\000m\000o\000d\000u\000l\000a\000r\000\040\000d\000e\000l\000\040\000s\000o\000f\000t\000w\000a\000r\000e\000:\000\040\000s\000e\000p\000a\000r\000a\000c\000i\000\363\000n\000\040\000d\000e\000\040\000r\000e\000s\000p\000o\000n\000s\000a\000b\000i\000l\000i\000d\000a\000d\000e\000s}{chapter.4}% 50
\BOOKMARK [1][-]{section.4.4}{\376\377\000C\000o\000n\000f\000i\000g\000u\000r\000a\000c\000i\000\363\000n\000\040\000e\000x\000t\000e\000r\000n\000a\000l\000i\000z\000a\000d\000a\000\040\000y\000\040\000p\000e\000r\000s\000i\000s\000t\000e\000n\000c\000i\000a\000\040\000d\000e\000\040\000d\000a\000t\000o\000s}{chapter.4}% 51
\BOOKMARK [1][-]{section.4.5}{\376\377\000E\000l\000\040\000p\000a\000t\000r\000\363\000n\000\040\000c\000l\000i\000e\000n\000t\000e\000-\000s\000e\000r\000v\000i\000d\000o\000r\000\040\000e\000n\000\040\000l\000a\000\040\000v\000i\000s\000u\000a\000l\000i\000z\000a\000c\000i\000\363\000n\000\040\000r\000e\000m\000o\000t\000a}{chapter.4}% 52
\BOOKMARK [1][-]{section.4.6}{\376\377\000A\000c\000c\000e\000s\000o\000\040\000r\000e\000m\000o\000t\000o\000\040\000m\000e\000d\000i\000a\000n\000t\000e\000\040\000t\000\372\000n\000e\000l\000e\000s\000\040\000i\000n\000v\000e\000r\000s\000o\000s}{chapter.4}% 53
\BOOKMARK [1][-]{section.4.7}{\376\377\000P\000l\000a\000t\000a\000f\000o\000r\000m\000a\000s\000\040\000d\000e\000\040\000t\000e\000l\000e\000m\000e\000t\000r\000\355\000a\000\040\000e\000n\000\040\000l\000a\000\040\000n\000u\000b\000e\000\040\000\050\000I\000o\000T\000\051}{chapter.4}% 54
\BOOKMARK [1][-]{section.4.8}{\376\377\000S\000\355\000n\000t\000e\000s\000i\000s\000\040\000d\000e\000\040\000l\000a\000\040\000p\000a\000r\000t\000e\000\040\000I}{chapter.4}% 55
\BOOKMARK [-1][-]{part*.17}{\376\377\000P\000A\000R\000T\000E\000\040\000I\000I\000\040\000-\000\040\000M\000A\000R\000C\000O\000\040\000M\000E\000T\000O\000D\000O\000L\000\323\000G\000I\000C\000O}{}% 56
\BOOKMARK [0][-]{chapter.5}{\376\377\000M\000a\000r\000c\000o\000\040\000m\000e\000t\000o\000d\000o\000l\000\363\000g\000i\000c\000o}{part*.17}% 57
\BOOKMARK [1][-]{section.5.1}{\376\377\000T\000i\000p\000o\000\040\000y\000\040\000E\000n\000f\000o\000q\000u\000e\000\040\000d\000e\000\040\000l\000a\000\040\000I\000n\000v\000e\000s\000t\000i\000g\000a\000c\000i\000\363\000n}{chapter.5}% 58
\BOOKMARK [2][-]{subsection.5.1.1}{\376\377\000E\000n\000f\000o\000q\000u\000e\000\040\000C\000u\000a\000n\000t\000i\000t\000a\000t\000i\000v\000o}{section.5.1}% 59
\BOOKMARK [1][-]{section.5.2}{\376\377\000C\000r\000o\000n\000o\000g\000r\000a\000m\000a\000\040\000d\000e\000\040\000e\000j\000e\000c\000u\000c\000i\000\363\000n}{chapter.5}% 60
\BOOKMARK [1][-]{section.5.3}{\376\377\000P\000r\000o\000t\000o\000c\000o\000l\000o\000\040\000d\000e\000\040\000v\000a\000l\000i\000d\000a\000c\000i\000o\000n}{chapter.5}% 61
\BOOKMARK [2][-]{subsection.5.3.1}{\376\377\000D\000i\000s\000e\000\361\000o\000\040\000E\000x\000p\000e\000r\000i\000m\000e\000n\000t\000a\000l\000\040\000y\000\040\000M\000e\000t\000o\000d\000o\000l\000o\000g\000\355\000a\000\040\000I\000t\000e\000r\000a\000t\000i\000v\000a}{section.5.3}% 62
\BOOKMARK [1][-]{section.5.4}{\376\377\000F\000a\000s\000e\000s\000\040\000d\000e\000\040\000D\000e\000s\000a\000x\000r\000r\000o\000l\000l\000o\000\040\000d\000e\000l\000\040\000P\000r\000o\000y\000e\000c\000t\000o}{chapter.5}% 63
\BOOKMARK [2][-]{subsection.5.4.1}{\376\377\000F\000a\000s\000e\000\040\0001\000:\000\040\000I\000n\000v\000e\000s\000t\000i\000g\000a\000c\000i\000o\000n\000\040\000y\000\040\000D\000e\000f\000i\000n\000i\000c\000i\000\363\000n\000\040\000d\000e\000\040\000R\000e\000q\000u\000i\000s\000i\000t\000o\000s}{section.5.4}% 64
\BOOKMARK [2][-]{subsection.5.4.2}{\376\377\000F\000a\000s\000e\000\040\0002\000:\000\040\000D\000i\000s\000e\000\361\000o\000\040\000E\000s\000t\000r\000u\000c\000t\000u\000r\000a\000l\000,\000\040\000H\000a\000r\000d\000w\000a\000r\000e\000\040\000y\000\040\000S\000o\000f\000t\000w\000a\000r\000e}{section.5.4}% 65
\BOOKMARK [2][-]{subsection.5.4.3}{\376\377\000F\000a\000s\000e\000\040\0003\000:\000\040\000M\000e\000j\000o\000r\000a\000s\000\040\000d\000e\000\040\000d\000i\000s\000e\000\361\000o\000,\000\040\000d\000i\000s\000e\000\361\000o\000\040\0003\000D\000\040\000y\000\040\000o\000p\000t\000i\000m\000i\000z\000a\000c\000i\000o\000n\000\040\000d\000e\000l\000\040\000c\000o\000d\000i\000g\000o}{section.5.4}% 66
\BOOKMARK [2][-]{subsection.5.4.4}{\376\377\000F\000a\000s\000e\000\040\0004\000:\000\040\000P\000r\000u\000e\000b\000a\000s\000\040\000E\000x\000p\000e\000r\000i\000m\000e\000n\000t\000a\000l\000e\000s\000\040\000y\000\040\000V\000a\000l\000i\000d\000a\000c\000i\000\363\000n}{section.5.4}% 67
\BOOKMARK [1][-]{section.5.5}{\376\377\000C\000r\000i\000t\000e\000r\000i\000o\000s\000\040\000M\000e\000t\000o\000d\000o\000l\000\363\000g\000i\000c\000o\000s\000\040\000d\000e\000\040\000S\000e\000l\000e\000c\000c\000i\000\363\000n\000\040\000T\000e\000c\000n\000o\000l\000\363\000g\000i\000c\000a}{chapter.5}% 68
\BOOKMARK [2][-]{subsection.5.5.1}{\376\377\000A\000r\000q\000u\000i\000t\000e\000c\000t\000u\000r\000a\000\040\000d\000e\000\040\000P\000r\000o\000c\000e\000s\000a\000m\000i\000e\000n\000t\000o\000\040\000C\000e\000n\000t\000r\000a\000l}{section.5.5}% 69
\BOOKMARK [2][-]{subsection.5.5.2}{\376\377\000A\000l\000i\000m\000e\000n\000t\000a\000c\000i\000o\000n\000\040\000c\000o\000m\000p\000l\000e\000m\000e\000n\000t\000a\000r\000i\000a}{section.5.5}% 70
\BOOKMARK [2][-]{subsection.5.5.3}{\376\377\000M\000e\000t\000o\000d\000o\000l\000o\000g\000\355\000a\000\040\000d\000e\000\040\000M\000a\000n\000u\000f\000a\000c\000t\000u\000r\000a\000\040\000A\000d\000i\000t\000i\000v\000a}{section.5.5}% 71
\BOOKMARK [1][-]{section.5.6}{\376\377\000V\000a\000r\000i\000a\000b\000l\000e\000s\000\040\000e\000\040\000I\000n\000s\000t\000r\000u\000m\000e\000n\000t\000o\000s\000\040\000d\000e\000\040\000M\000e\000d\000i\000c\000i\000\363\000n}{chapter.5}% 72
\BOOKMARK [0][-]{chapter.6}{\376\377\000M\000e\000t\000o\000d\000o\000l\000o\000g\000\355\000a\000\040\000d\000e\000\040\000t\000r\000a\000b\000a\000j\000o}{part*.17}% 73
\BOOKMARK [1][-]{section.6.1}{\376\377\000V\000a\000r\000i\000a\000b\000l\000e\000s\000\040\000d\000e\000\040\000c\000o\000n\000t\000r\000o\000l}{chapter.6}% 74
\BOOKMARK [1][-]{section.6.2}{\376\377\000D\000i\000s\000e\000\361\000o\000\040\000e\000s\000t\000r\000u\000c\000t\000u\000r\000a\000l\000\040\000y\000\040\000a\000n\000\341\000l\000i\000s\000i\000s\000\040\000d\000e\000\040\000s\000i\000s\000t\000e\000m\000a\000s\000\040\000i\000n\000t\000e\000g\000r\000a\000d\000o\000s}{chapter.6}% 75
\BOOKMARK [2][-]{subsection.6.2.1}{\376\377\000P\000r\000o\000t\000o\000t\000i\000p\000o\000\040\000I\000n\000i\000c\000i\000a\000l}{section.6.2}% 76
\BOOKMARK [2][-]{subsection.6.2.2}{\376\377\000P\000r\000o\000t\000o\000t\000i\000p\000o\000\040\000F\000i\000n\000a\000l}{section.6.2}% 77
\BOOKMARK [1][-]{section.6.3}{\376\377\000U\000n\000i\000d\000a\000d\000\040\000C\000e\000n\000t\000r\000a\000l\000\040\000d\000e\000\040\000P\000r\000o\000c\000e\000s\000a\000m\000i\000e\000n\000t\000o\000:\000\040\000R\000a\000s\000p\000b\000e\000r\000r\000y\000\040\000P\000i\000\040\0004\000\040\000M\000o\000d\000e\000l\000\040\000B}{chapter.6}% 78
\BOOKMARK [1][-]{section.6.4}{\376\377\000S\000e\000l\000e\000c\000c\000i\000\363\000n\000\040\000d\000e\000\040\000c\000o\000m\000p\000o\000n\000e\000n\000t\000e\000s}{chapter.6}% 79
\BOOKMARK [2][-]{subsection.6.4.1}{\376\377\000S\000u\000s\000t\000r\000a\000t\000o}{section.6.4}% 80
\BOOKMARK [2][-]{subsection.6.4.2}{\376\377\000S\000e\000n\000s\000o\000r\000e\000s\000\040\000y\000\040\000c\000o\000n\000v\000e\000r\000s\000o\000r}{section.6.4}% 81
\BOOKMARK [2][-]{subsection.6.4.3}{\376\377\000A\000l\000i\000m\000e\000n\000t\000a\000c\000i\000o\000n\000\040\000c\000o\000m\000p\000l\000e\000m\000e\000n\000t\000a\000r\000i\000a}{section.6.4}% 82
\BOOKMARK [2][-]{subsection.6.4.4}{\376\377\000A\000c\000t\000u\000a\000d\000o\000r\000e\000s}{section.6.4}% 83
\BOOKMARK [2][-]{subsection.6.4.5}{\376\377\000E\000t\000a\000p\000a\000\040\000d\000e\000\040\000P\000o\000t\000e\000n\000c\000i\000a\000:\000\040\000R\000e\000l\000\351\000s\000\040\000E\000l\000e\000c\000t\000r\000o\000m\000e\000c\000\341\000n\000i\000c\000o\000s\000\040\000y\000\040\000d\000e\000\040\000E\000s\000t\000a\000d\000o\000\040\000S\000\363\000l\000i\000d\000o}{section.6.4}% 84
\BOOKMARK [1][-]{section.6.5}{\376\377\000D\000i\000s\000e\000\361\000o\000s\000\040\000d\000e\000\040\000p\000i\000e\000z\000a\000s\000\040\000e\000n\000\040\0003\000D}{chapter.6}% 85
\BOOKMARK [1][-]{section.6.6}{\376\377\000D\000i\000s\000p\000o\000s\000i\000c\000i\000o\000n\000\040\000d\000e\000\040\000l\000a\000s\000\040\000l\000u\000m\000i\000n\000a\000r\000i\000a\000s}{chapter.6}% 86
\BOOKMARK [1][-]{section.6.7}{\376\377\000D\000i\000s\000p\000o\000s\000i\000c\000i\000o\000n\000\040\000d\000e\000\040\000h\000a\000r\000d\000w\000a\000r\000e}{chapter.6}% 87
\BOOKMARK [1][-]{section.6.8}{\376\377\000C\000i\000r\000c\000u\000i\000t\000o\000\040\000d\000e\000\040\000r\000i\000e\000g\000o}{chapter.6}% 88
\BOOKMARK [1][-]{section.6.9}{\376\377\000S\000i\000s\000t\000e\000m\000a\000\040\000d\000e\000\040\000v\000e\000n\000t\000i\000l\000a\000c\000i\000o\000n}{chapter.6}% 89
\BOOKMARK [1][-]{section.6.10}{\376\377\000C\000o\000d\000i\000g\000o}{chapter.6}% 90
\BOOKMARK [2][-]{subsection.6.10.1}{\376\377\000T\000e\000l\000e\000m\000e\000t\000r\000\355\000a\000\040\000y\000\040\000V\000i\000s\000u\000a\000l\000i\000z\000a\000c\000i\000\363\000n\000\040\000e\000n\000\040\000l\000a\000\040\000N\000u\000b\000e\000:\000\040\000I\000n\000t\000e\000g\000r\000a\000c\000i\000\363\000n\000\040\000c\000o\000n\000\040\000T\000h\000i\000n\000g\000S\000p\000e\000a\000k}{section.6.10}% 91
\BOOKMARK [1][-]{section.6.11}{\376\377\000U\000I\000:\000\040\000I\000n\000t\000e\000r\000f\000a\000z\000\040\000d\000e\000\040\000U\000s\000u\000a\000r\000i\000o}{chapter.6}% 92
\BOOKMARK [1][-]{section.6.12}{\376\377\000E\000s\000q\000u\000e\000m\000a\000s\000\040\000d\000e\000\040\000c\000o\000n\000e\000x\000i\000o\000n}{chapter.6}% 93
\BOOKMARK [1][-]{section.6.13}{\376\377\000C\000o\000n\000s\000u\000m\000o\000\040\000d\000e\000\040\000p\000o\000t\000e\000n\000c\000i\000a}{chapter.6}% 94
\BOOKMARK [-1][-]{part*.55}{\376\377\000P\000A\000R\000T\000E\000\040\000I\000I\000I\000\040\000-\000\040\000R\000E\000S\000U\000L\000T\000A\000D\000O\000S\000\040\000Y\000\040\000C\000O\000N\000C\000L\000U\000S\000I\000O\000N\000E\000S}{}% 95
\BOOKMARK [0][-]{chapter*.56}{\376\377\000R\000e\000s\000u\000l\000t\000a\000d\000o\000s}{part*.55}% 96
\BOOKMARK [1][-]{section.6.14}{\376\377\000R\000e\000s\000u\000l\000t\000a\000d\000o\000s\000\040\000d\000e\000l\000\040\000p\000r\000o\000t\000o\000t\000i\000p\000o\000\040\000p\000r\000e\000l\000i\000m\000i\000n\000a\000r}{chapter*.56}% 97
\BOOKMARK [2][-]{subsection.6.14.1}{\376\377\000P\000r\000i\000m\000e\000r\000a\000\040\000p\000r\000u\000e\000b\000a}{section.6.14}% 98
\BOOKMARK [2][-]{subsection.6.14.2}{\376\377\000S\000e\000g\000u\000n\000d\000a\000\040\000p\000r\000u\000e\000b\000a}{section.6.14}% 99
\BOOKMARK [1][-]{section.6.15}{\376\377\000R\000e\000s\000u\000l\000t\000a\000d\000o\000s\000\040\000d\000e\000l\000\040\000p\000r\000o\000t\000o\000t\000i\000p\000o\000\040\000f\000i\000n\000a\000l}{chapter*.56}% 100
\BOOKMARK [2][-]{subsection.6.15.1}{\376\377\000T\000e\000r\000c\000e\000r\000a\000\040\000p\000r\000u\000e\000b\000a}{section.6.15}% 101
\BOOKMARK [0][-]{chapter*.96}{\376\377\000C\000o\000n\000c\000l\000u\000s\000i\000o\000n\000e\000s}{part*.55}% 102
\BOOKMARK [1][-]{section*.97}{\376\377\000R\000e\000s\000u\000l\000t\000a\000d\000o\000s\000\040\000o\000b\000t\000e\000n\000i\000d\000o\000s\000\040\000e\000n\000\040\000r\000e\000l\000a\000c\000i\000\363\000n\000\040\000c\000o\000n\000\040\000l\000a\000\040\000S\000A\000T}{chapter*.96}% 103
\BOOKMARK [1][-]{section*.97}{\376\377\000C\000o\000n\000c\000l\000u\000s\000i\000\363\000n\000\040\000g\000e\000n\000e\000r\000a\000l}{chapter*.96}% 104
\BOOKMARK [1][-]{section*.97}{\376\377\000A\000p\000o\000r\000t\000e\000\040\000a\000\040\000l\000a\000\040\000i\000n\000g\000e\000n\000i\000e\000r\000\355\000a\000\040\000o\000\040\000a\000l\000\040\000c\000a\000m\000p\000o\000\040\000d\000e\000\040\000c\000o\000n\000o\000c\000i\000m\000i\000e\000n\000t\000o}{chapter*.96}% 105
\BOOKMARK [1][-]{section*.97}{\376\377\000L\000i\000m\000i\000t\000a\000c\000i\000o\000n\000e\000s\000\040\000y\000\040\000t\000r\000a\000b\000a\000j\000o\000s\000\040\000f\000u\000t\000u\000r\000o\000s}{chapter*.96}% 106
\BOOKMARK [0][-]{appendix.Alph1}{\376\377\000A\000n\000e\000x\000o\000\040\000I}{part*.55}% 107
\BOOKMARK [1][-]{section*.100}{\376\377\000A\000n\000e\000x\000o\000\040\000I\000\040\000-\000\040\000T\000\355\000t\000u\000l\000o}{appendix.Alph1}% 108
\BOOKMARK [0][-]{appendix.Alph2}{\376\377\000A\000n\000e\000x\000o\000\040\000I\000I}{part*.55}% 109
\BOOKMARK [1][-]{section*.101}{\376\377\000A\000n\000e\000x\000o\000\040\000I\000I\000\040\000-\000\040\000T\000\355\000t\000u\000l\000o}{appendix.Alph2}% 110
\BOOKMARK [0][-]{appendix.Alph3}{\376\377\000A\000n\000e\000x\000o\000\040\000d\000e\000l\000\040\000P\000r\000o\000y\000e\000c\000t\000o\000\040\000I\000n\000t\000e\000g\000r\000a\000d\000o\000r}{part*.55}% 111
\BOOKMARK [1][-]{section*.102}{\376\377\000S\000o\000l\000i\000c\000i\000t\000u\000d\000\040\000d\000e\000\040\000A\000p\000r\000o\000b\000a\000c\000i\000\363\000n\000\040\000d\000e\000\040\000T\000e\000m\000a}{appendix.Alph3}% 112
\BOOKMARK [1][-]{section*.102}{\376\377\000I\000n\000f\000o\000r\000m\000e\000s\000\040\000m\000e\000n\000s\000u\000a\000l\000e\000s}{appendix.Alph3}% 113
